main.c:25:6:Reset_I2C	16	static
main.c:43:6:delay	16	static
main.c:60:6:i2c_send_cmd	24	static
main.c:75:6:i2c_send_data	24	static
main.c:90:6:HAL_TIM_IC_CaptureCallback	16	static
main.c:135:6:HCSR04_Read	8	static
main.c:144:5:main	136	static
main.c:194:6:SystemClock_Config	88	static
main.c:240:13:MX_I2C1_Init	8	static
main.c:268:13:MX_TIM1_Init	32	static
main.c:317:13:MX_USART2_UART_Init	8	static
main.c:338:13:MX_GPIO_Init	48	static
main.c:366:6:StartDefaultTask	16	static
main.c:377:6:HCSR04_Start	16	static
main.c:394:6:IRTask_Start	16	static
main.c:428:6:Start_I2CTask	16	static
main.c:467:6:HAL_TIM_PeriodElapsedCallback	16	static
main.c:484:6:Error_Handler	4	static,ignoring_inline_asm
